2024-11-25 14:01:12,325 NanoPlot 1.44.0 started with arguments Namespace(threads=12, verbose=False, store=False, raw=False, huge=False, outdir='nanoplot/PAU84062_pass_FAST_barcode03', no_static=False, prefix='', tsv_stats=False, only_report=False, info_in_report=False, maxlength=None, minlength=None, drop_outliers=False, downsample=None, loglength=False, percentqual=False, alength=False, minqual=None, runtime_until=None, readtype='1D', barcoded=False, no_supplementary=False, color='#4CB391', colormap='Greens', format=['png'], plots=['kde', 'dot'], legacy=None, listcolors=False, listcolormaps=False, no_N50=False, N50=False, title=None, font_scale=1, dpi=100, hide_stats=False, fastq=None, fasta=None, fastq_rich=['FASTQ/PAU84062_pass_FAST_barcode03.fastq.gz'], fastq_minimal=None, summary=None, bam=None, ubam=None, cram=None, pickle=None, feather=None, path='nanoplot/PAU84062_pass_FAST_barcode03/')
2024-11-25 14:01:12,325 Python version is: 3.12.3 | packaged by conda-forge | (main, Apr 15 2024, 18:50:49) [Clang 16.0.6 ]
2024-11-25 14:24:44,469 Nanoget: Gathered all metrics of 11662201 reads
2024-11-25 14:24:52,016 Calculated statistics
2024-11-25 14:24:52,016 Using sequenced read lengths for plotting.
2024-11-25 14:24:52,600 NanoPlot:  Valid color #4CB391.
2024-11-25 14:24:52,600 NanoPlot:  Valid colormap Greens.
2024-11-25 14:24:53,171 NanoPlot:  Creating length plots for Read length.
2024-11-25 14:24:53,176 NanoPlot:  Using 11662201 reads maximum of 378600bp.
2024-11-25 14:24:54,129 Saved nanoplot/PAU84062_pass_FAST_barcode03/WeightedHistogramReadlength  as png (or png for --legacy)
2024-11-25 14:24:55,025 Saved nanoplot/PAU84062_pass_FAST_barcode03/WeightedLogTransformed_HistogramReadlength  as png (or png for --legacy)
2024-11-25 14:24:55,754 Saved nanoplot/PAU84062_pass_FAST_barcode03/Non_weightedHistogramReadlength  as png (or png for --legacy)
2024-11-25 14:24:56,512 Saved nanoplot/PAU84062_pass_FAST_barcode03/Non_weightedLogTransformed_HistogramReadlength  as png (or png for --legacy)
2024-11-25 14:24:58,502 Saved nanoplot/PAU84062_pass_FAST_barcode03/Yield_By_Length  as png (or png for --legacy)
2024-11-25 14:24:58,502 Created length plots
2024-11-25 14:24:58,780 NanoPlot: Creating Read lengths vs Average read quality plots using 11662201 reads.
2024-11-25 14:25:00,768 Saved nanoplot/PAU84062_pass_FAST_barcode03/LengthvsQualityScatterPlot_dot  as png (or png for --legacy)
2024-11-25 14:25:02,074 Saved nanoplot/PAU84062_pass_FAST_barcode03/LengthvsQualityScatterPlot_kde  as png (or png for --legacy)
2024-11-25 14:25:02,074 Created LengthvsQual plot
2024-11-25 14:25:02,074 Nanoplotter: Creating heatmap of reads per channel using 11662201 reads.
2024-11-25 14:25:02,869 Saved nanoplot/PAU84062_pass_FAST_barcode03/ActivityMap_ReadsPerChannel  as png (or png for --legacy)
2024-11-25 14:25:02,869 Created spatialheatmap for succesfull basecalls.
2024-11-25 14:25:02,869 Nanoplotter: Creating timeplots using 11662201 (full) or 10000 (subsampled dataset) reads.
2024-11-25 14:25:05,018 Saved nanoplot/PAU84062_pass_FAST_barcode03/CumulativeYieldPlot_Gigabases  as png (or png for --legacy)
2024-11-25 14:25:05,907 Saved nanoplot/PAU84062_pass_FAST_barcode03/CumulativeYieldPlot_NumberOfReads  as png (or png for --legacy)
2024-11-25 14:25:07,170 Saved nanoplot/PAU84062_pass_FAST_barcode03/NumberOfReads_Over_Time  as png (or png for --legacy)
2024-11-25 14:25:08,241 Saved nanoplot/PAU84062_pass_FAST_barcode03/ActivePores_Over_Time  as png (or png for --legacy)
2024-11-25 14:25:09,031 Saved nanoplot/PAU84062_pass_FAST_barcode03/TimeLengthViolinPlot  as png (or png for --legacy)
2024-11-25 14:25:09,755 Saved nanoplot/PAU84062_pass_FAST_barcode03/TimeQualityViolinPlot  as png (or png for --legacy)
2024-11-25 14:25:09,796 Created timeplots.
2024-11-25 14:25:09,796 Writing html report.
2024-11-25 14:25:09,809 Finished!
