2024-11-25 13:42:48,370 NanoPlot 1.44.0 started with arguments Namespace(threads=12, verbose=False, store=False, raw=False, huge=False, outdir='nanoplot/PAU84062_pass_FAST_barcode02', no_static=False, prefix='', tsv_stats=False, only_report=False, info_in_report=False, maxlength=None, minlength=None, drop_outliers=False, downsample=None, loglength=False, percentqual=False, alength=False, minqual=None, runtime_until=None, readtype='1D', barcoded=False, no_supplementary=False, color='#4CB391', colormap='Greens', format=['png'], plots=['kde', 'dot'], legacy=None, listcolors=False, listcolormaps=False, no_N50=False, N50=False, title=None, font_scale=1, dpi=100, hide_stats=False, fastq=None, fasta=None, fastq_rich=['FASTQ/PAU84062_pass_FAST_barcode02.fastq.gz'], fastq_minimal=None, summary=None, bam=None, ubam=None, cram=None, pickle=None, feather=None, path='nanoplot/PAU84062_pass_FAST_barcode02/')
2024-11-25 13:42:48,370 Python version is: 3.12.3 | packaged by conda-forge | (main, Apr 15 2024, 18:50:49) [Clang 16.0.6 ]
2024-11-25 14:00:39,525 Nanoget: Gathered all metrics of 15223804 reads
2024-11-25 14:00:49,465 Calculated statistics
2024-11-25 14:00:49,466 Using sequenced read lengths for plotting.
2024-11-25 14:00:50,220 NanoPlot:  Valid color #4CB391.
2024-11-25 14:00:50,220 NanoPlot:  Valid colormap Greens.
2024-11-25 14:00:51,113 NanoPlot:  Creating length plots for Read length.
2024-11-25 14:00:51,120 NanoPlot:  Using 15223804 reads maximum of 85845bp.
2024-11-25 14:00:52,506 Saved nanoplot/PAU84062_pass_FAST_barcode02/WeightedHistogramReadlength  as png (or png for --legacy)
2024-11-25 14:00:53,457 Saved nanoplot/PAU84062_pass_FAST_barcode02/WeightedLogTransformed_HistogramReadlength  as png (or png for --legacy)
2024-11-25 14:00:54,259 Saved nanoplot/PAU84062_pass_FAST_barcode02/Non_weightedHistogramReadlength  as png (or png for --legacy)
2024-11-25 14:00:55,110 Saved nanoplot/PAU84062_pass_FAST_barcode02/Non_weightedLogTransformed_HistogramReadlength  as png (or png for --legacy)
2024-11-25 14:00:57,594 Saved nanoplot/PAU84062_pass_FAST_barcode02/Yield_By_Length  as png (or png for --legacy)
2024-11-25 14:00:57,595 Created length plots
2024-11-25 14:00:57,955 NanoPlot: Creating Read lengths vs Average read quality plots using 15223804 reads.
2024-11-25 14:01:00,460 Saved nanoplot/PAU84062_pass_FAST_barcode02/LengthvsQualityScatterPlot_dot  as png (or png for --legacy)
2024-11-25 14:01:01,797 Saved nanoplot/PAU84062_pass_FAST_barcode02/LengthvsQualityScatterPlot_kde  as png (or png for --legacy)
2024-11-25 14:01:01,797 Created LengthvsQual plot
2024-11-25 14:01:01,797 Nanoplotter: Creating heatmap of reads per channel using 15223804 reads.
2024-11-25 14:01:02,784 Saved nanoplot/PAU84062_pass_FAST_barcode02/ActivityMap_ReadsPerChannel  as png (or png for --legacy)
2024-11-25 14:01:02,785 Created spatialheatmap for succesfull basecalls.
2024-11-25 14:01:02,785 Nanoplotter: Creating timeplots using 15223804 (full) or 10000 (subsampled dataset) reads.
2024-11-25 14:01:05,446 Saved nanoplot/PAU84062_pass_FAST_barcode02/CumulativeYieldPlot_Gigabases  as png (or png for --legacy)
2024-11-25 14:01:06,397 Saved nanoplot/PAU84062_pass_FAST_barcode02/CumulativeYieldPlot_NumberOfReads  as png (or png for --legacy)
2024-11-25 14:01:07,874 Saved nanoplot/PAU84062_pass_FAST_barcode02/NumberOfReads_Over_Time  as png (or png for --legacy)
2024-11-25 14:01:09,006 Saved nanoplot/PAU84062_pass_FAST_barcode02/ActivePores_Over_Time  as png (or png for --legacy)
2024-11-25 14:01:09,817 Saved nanoplot/PAU84062_pass_FAST_barcode02/TimeLengthViolinPlot  as png (or png for --legacy)
2024-11-25 14:01:10,814 Saved nanoplot/PAU84062_pass_FAST_barcode02/TimeQualityViolinPlot  as png (or png for --legacy)
2024-11-25 14:01:10,866 Created timeplots.
2024-11-25 14:01:10,867 Writing html report.
2024-11-25 14:01:10,882 Finished!
