2024-11-25 15:13:38,482 NanoPlot 1.44.0 started with arguments Namespace(threads=12, verbose=False, store=False, raw=False, huge=False, outdir='nanoplot/PAU84062_pass_FAST_barcode06', no_static=False, prefix='', tsv_stats=False, only_report=False, info_in_report=False, maxlength=None, minlength=None, drop_outliers=False, downsample=None, loglength=False, percentqual=False, alength=False, minqual=None, runtime_until=None, readtype='1D', barcoded=False, no_supplementary=False, color='#4CB391', colormap='Greens', format=['png'], plots=['kde', 'dot'], legacy=None, listcolors=False, listcolormaps=False, no_N50=False, N50=False, title=None, font_scale=1, dpi=100, hide_stats=False, fastq=None, fasta=None, fastq_rich=['FASTQ/PAU84062_pass_FAST_barcode06.fastq.gz'], fastq_minimal=None, summary=None, bam=None, ubam=None, cram=None, pickle=None, feather=None, path='nanoplot/PAU84062_pass_FAST_barcode06/')
2024-11-25 15:13:38,482 Python version is: 3.12.3 | packaged by conda-forge | (main, Apr 15 2024, 18:50:49) [Clang 16.0.6 ]
2024-11-25 15:25:46,779 Nanoget: Gathered all metrics of 10356201 reads
2024-11-25 15:25:53,525 Calculated statistics
2024-11-25 15:25:53,525 Using sequenced read lengths for plotting.
2024-11-25 15:25:54,059 NanoPlot:  Valid color #4CB391.
2024-11-25 15:25:54,059 NanoPlot:  Valid colormap Greens.
2024-11-25 15:25:54,538 NanoPlot:  Creating length plots for Read length.
2024-11-25 15:25:54,543 NanoPlot:  Using 10356201 reads maximum of 53911bp.
2024-11-25 15:25:55,324 Saved nanoplot/PAU84062_pass_FAST_barcode06/WeightedHistogramReadlength  as png (or png for --legacy)
2024-11-25 15:25:56,131 Saved nanoplot/PAU84062_pass_FAST_barcode06/WeightedLogTransformed_HistogramReadlength  as png (or png for --legacy)
2024-11-25 15:25:56,819 Saved nanoplot/PAU84062_pass_FAST_barcode06/Non_weightedHistogramReadlength  as png (or png for --legacy)
2024-11-25 15:25:57,611 Saved nanoplot/PAU84062_pass_FAST_barcode06/Non_weightedLogTransformed_HistogramReadlength  as png (or png for --legacy)
2024-11-25 15:25:59,589 Saved nanoplot/PAU84062_pass_FAST_barcode06/Yield_By_Length  as png (or png for --legacy)
2024-11-25 15:25:59,589 Created length plots
2024-11-25 15:25:59,828 NanoPlot: Creating Read lengths vs Average read quality plots using 10356201 reads.
2024-11-25 15:26:01,710 Saved nanoplot/PAU84062_pass_FAST_barcode06/LengthvsQualityScatterPlot_dot  as png (or png for --legacy)
2024-11-25 15:26:03,061 Saved nanoplot/PAU84062_pass_FAST_barcode06/LengthvsQualityScatterPlot_kde  as png (or png for --legacy)
2024-11-25 15:26:03,061 Created LengthvsQual plot
2024-11-25 15:26:03,061 Nanoplotter: Creating heatmap of reads per channel using 10356201 reads.
2024-11-25 15:26:04,022 Saved nanoplot/PAU84062_pass_FAST_barcode06/ActivityMap_ReadsPerChannel  as png (or png for --legacy)
2024-11-25 15:26:04,023 Created spatialheatmap for succesfull basecalls.
2024-11-25 15:26:04,023 Nanoplotter: Creating timeplots using 10356201 (full) or 10000 (subsampled dataset) reads.
2024-11-25 15:26:06,088 Saved nanoplot/PAU84062_pass_FAST_barcode06/CumulativeYieldPlot_Gigabases  as png (or png for --legacy)
2024-11-25 15:26:06,983 Saved nanoplot/PAU84062_pass_FAST_barcode06/CumulativeYieldPlot_NumberOfReads  as png (or png for --legacy)
2024-11-25 15:26:08,322 Saved nanoplot/PAU84062_pass_FAST_barcode06/NumberOfReads_Over_Time  as png (or png for --legacy)
2024-11-25 15:26:09,357 Saved nanoplot/PAU84062_pass_FAST_barcode06/ActivePores_Over_Time  as png (or png for --legacy)
2024-11-25 15:26:10,151 Saved nanoplot/PAU84062_pass_FAST_barcode06/TimeLengthViolinPlot  as png (or png for --legacy)
2024-11-25 15:26:10,947 Saved nanoplot/PAU84062_pass_FAST_barcode06/TimeQualityViolinPlot  as png (or png for --legacy)
2024-11-25 15:26:10,984 Created timeplots.
2024-11-25 15:26:10,984 Writing html report.
2024-11-25 15:26:10,995 Finished!
